  Determining projects to restore...
  All projects are up-to-date for restore.
D:\Dev\NVEnc_Batch\NVEncBatchGui\obj\Debug\net8.0-windows10.0.19041.0\App.g.i.cs(19,25): error CS0101: The namespace 'NVEncBatchGui' already contains a definition for 'Program' [D:\Dev\NVEnc_Batch\NVEncBatchGui\NVEncBatchGui.csproj]
D:\Dev\NVEnc_Batch\NVEncBatchGui\obj\Debug\net8.0-windows10.0.19041.0\App.g.i.cs(24,21): error CS0111: Type 'Program' already defines a member called 'Main' with the same parameter types [D:\Dev\NVEnc_Batch\NVEncBatchGui\NVEncBatchGui.csproj]
D:\Dev\NVEnc_Batch\NVEncBatchGui\obj\Debug\net8.0-windows10.0.19041.0\App.g.i.cs(39,22): error CS0102: The type 'App' already contains a definition for '_contentLoaded' [D:\Dev\NVEnc_Batch\NVEncBatchGui\NVEncBatchGui.csproj]
D:\Dev\NVEnc_Batch\NVEncBatchGui\obj\Debug\net8.0-windows10.0.19041.0\App.g.i.cs(45,21): error CS0111: Type 'App' already defines a member called 'InitializeComponent' with the same parameter types [D:\Dev\NVEnc_Batch\NVEncBatchGui\NVEncBatchGui.csproj]
D:\Dev\NVEnc_Batch\NVEncBatchGui\obj\Debug\net8.0-windows10.0.19041.0\MainWindow.g.i.cs(98,22): error CS0756: A partial method may not have multiple defining declarations [D:\Dev\NVEnc_Batch\NVEncBatchGui\NVEncBatchGui.csproj]
D:\Dev\NVEnc_Batch\NVEncBatchGui\obj\Debug\net8.0-windows10.0.19041.0\MainWindow.g.i.cs(101,27): error CS0102: The type 'MainWindow' already contains a definition for 'IMainWindow_Bindings' [D:\Dev\NVEnc_Batch\NVEncBatchGui\NVEncBatchGui.csproj]
D:\Dev\NVEnc_Batch\NVEncBatchGui\obj\Debug\net8.0-windows10.0.19041.0\MainWindow.g.i.cs(109,27): error CS0102: The type 'MainWindow' already contains a definition for 'IMainWindow_BindingsScopeConnector' [D:\Dev\NVEnc_Batch\NVEncBatchGui\NVEncBatchGui.csproj]
D:\Dev\NVEnc_Batch\NVEncBatchGui\obj\Debug\net8.0-windows10.0.19041.0\MainWindow.g.i.cs(21,60): error CS0102: The type 'MainWindow' already contains a definition for 'CommandPreviewTextBox' [D:\Dev\NVEnc_Batch\NVEncBatchGui\NVEncBatchGui.csproj]
D:\Dev\NVEnc_Batch\NVEncBatchGui\obj\Debug\net8.0-windows10.0.19041.0\MainWindow.g.i.cs(23,60): error CS0102: The type 'MainWindow' already contains a definition for 'LogTextBox' [D:\Dev\NVEnc_Batch\NVEncBatchGui\NVEncBatchGui.csproj]
D:\Dev\NVEnc_Batch\NVEncBatchGui\obj\Debug\net8.0-windows10.0.19041.0\MainWindow.g.i.cs(25,61): error CS0102: The type 'MainWindow' already contains a definition for 'JobsListView' [D:\Dev\NVEnc_Batch\NVEncBatchGui\NVEncBatchGui.csproj]
D:\Dev\NVEnc_Batch\NVEncBatchGui\obj\Debug\net8.0-windows10.0.19041.0\MainWindow.g.i.cs(27,62): error CS0102: The type 'MainWindow' already contains a definition for 'AggregateGpuValueText' [D:\Dev\NVEnc_Batch\NVEncBatchGui\NVEncBatchGui.csproj]
D:\Dev\NVEnc_Batch\NVEncBatchGui\obj\Debug\net8.0-windows10.0.19041.0\MainWindow.g.i.cs(29,62): error CS0102: The type 'MainWindow' already contains a definition for 'AggregateBitrateValueText' [D:\Dev\NVEnc_Batch\NVEncBatchGui\NVEncBatchGui.csproj]
D:\Dev\NVEnc_Batch\NVEncBatchGui\obj\Debug\net8.0-windows10.0.19041.0\MainWindow.g.i.cs(31,62): error CS0102: The type 'MainWindow' already contains a definition for 'AggregateFpsValueText' [D:\Dev\NVEnc_Batch\NVEncBatchGui\NVEncBatchGui.csproj]
D:\Dev\NVEnc_Batch\NVEncBatchGui\obj\Debug\net8.0-windows10.0.19041.0\MainWindow.g.i.cs(33,62): error CS0102: The type 'MainWindow' already contains a definition for 'TotalJobsValueText' [D:\Dev\NVEnc_Batch\NVEncBatchGui\NVEncBatchGui.csproj]
D:\Dev\NVEnc_Batch\NVEncBatchGui\obj\Debug\net8.0-windows10.0.19041.0\MainWindow.g.i.cs(35,62): error CS0102: The type 'MainWindow' already contains a definition for 'JobStateSummaryText' [D:\Dev\NVEnc_Batch\NVEncBatchGui\NVEncBatchGui.csproj]
D:\Dev\NVEnc_Batch\NVEncBatchGui\obj\Debug\net8.0-windows10.0.19041.0\MainWindow.g.i.cs(37,62): error CS0102: The type 'MainWindow' already contains a definition for 'StatusBannerTextBlock' [D:\Dev\NVEnc_Batch\NVEncBatchGui\NVEncBatchGui.csproj]
D:\Dev\NVEnc_Batch\NVEncBatchGui\obj\Debug\net8.0-windows10.0.19041.0\MainWindow.g.i.cs(39,62): error CS0102: The type 'MainWindow' already contains a definition for 'SchedulerDiagnosticsTextBlock' [D:\Dev\NVEnc_Batch\NVEncBatchGui\NVEncBatchGui.csproj]
D:\Dev\NVEnc_Batch\NVEncBatchGui\obj\Debug\net8.0-windows10.0.19041.0\MainWindow.g.i.cs(41,59): error CS0102: The type 'MainWindow' already contains a definition for 'StartBatchButton' [D:\Dev\NVEnc_Batch\NVEncBatchGui\NVEncBatchGui.csproj]
D:\Dev\NVEnc_Batch\NVEncBatchGui\obj\Debug\net8.0-windows10.0.19041.0\MainWindow.g.i.cs(43,59): error CS0102: The type 'MainWindow' already contains a definition for 'StopBatchButton' [D:\Dev\NVEnc_Batch\NVEncBatchGui\NVEncBatchGui.csproj]
D:\Dev\NVEnc_Batch\NVEncBatchGui\obj\Debug\net8.0-windows10.0.19041.0\MainWindow.g.i.cs(45,59): error CS0102: The type 'MainWindow' already contains a definition for 'ClearCompletedButton' [D:\Dev\NVEnc_Batch\NVEncBatchGui\NVEncBatchGui.csproj]
D:\Dev\NVEnc_Batch\NVEncBatchGui\obj\Debug\net8.0-windows10.0.19041.0\MainWindow.g.i.cs(47,59): error CS0102: The type 'MainWindow' already contains a definition for 'AddVideosButton' [D:\Dev\NVEnc_Batch\NVEncBatchGui\NVEncBatchGui.csproj]
D:\Dev\NVEnc_Batch\NVEncBatchGui\obj\Debug\net8.0-windows10.0.19041.0\MainWindow.g.i.cs(49,59): error CS0102: The type 'MainWindow' already contains a definition for 'RemoveSelectedButton' [D:\Dev\NVEnc_Batch\NVEncBatchGui\NVEncBatchGui.csproj]
D:\Dev\NVEnc_Batch\NVEncBatchGui\obj\Debug\net8.0-windows10.0.19041.0\MainWindow.g.i.cs(51,62): error CS0102: The type 'MainWindow' already contains a definition for 'MaxConcurrentJobsNumberBox' [D:\Dev\NVEnc_Batch\NVEncBatchGui\NVEncBatchGui.csproj]
D:\Dev\NVEnc_Batch\NVEncBatchGui\obj\Debug\net8.0-windows10.0.19041.0\MainWindow.g.i.cs(53,61): error CS0102: The type 'MainWindow' already contains a definition for 'IncludeAudioCheckBox' [D:\Dev\NVEnc_Batch\NVEncBatchGui\NVEncBatchGui.csproj]
D:\Dev\NVEnc_Batch\NVEncBatchGui\obj\Debug\net8.0-windows10.0.19041.0\MainWindow.g.i.cs(55,61): error CS0102: The type 'MainWindow' already contains a definition for 'SaturationCheckBox' [D:\Dev\NVEnc_Batch\NVEncBatchGui\NVEncBatchGui.csproj]
D:\Dev\NVEnc_Batch\NVEncBatchGui\obj\Debug\net8.0-windows10.0.19041.0\MainWindow.g.i.cs(57,61): error CS0102: The type 'MainWindow' already contains a definition for 'DecodeModeComboBox' [D:\Dev\NVEnc_Batch\NVEncBatchGui\NVEncBatchGui.csproj]
D:\Dev\NVEnc_Batch\NVEncBatchGui\obj\Debug\net8.0-windows10.0.19041.0\MainWindow.g.i.cs(59,61): error CS0102: The type 'MainWindow' already contains a definition for 'ResolutionComboBox' [D:\Dev\NVEnc_Batch\NVEncBatchGui\NVEncBatchGui.csproj]
D:\Dev\NVEnc_Batch\NVEncBatchGui\obj\Debug\net8.0-windows10.0.19041.0\MainWindow.g.i.cs(61,60): error CS0102: The type 'MainWindow' already contains a definition for 'OutputDirectoryTextBox' [D:\Dev\NVEnc_Batch\NVEncBatchGui\NVEncBatchGui.csproj]
D:\Dev\NVEnc_Batch\NVEncBatchGui\obj\Debug\net8.0-windows10.0.19041.0\MainWindow.g.i.cs(63,60): error CS0102: The type 'MainWindow' already contains a definition for 'EncoderPathTextBox' [D:\Dev\NVEnc_Batch\NVEncBatchGui\NVEncBatchGui.csproj]
D:\Dev\NVEnc_Batch\NVEncBatchGui\obj\Debug\net8.0-windows10.0.19041.0\MainWindow.g.i.cs(67,22): error CS0102: The type 'MainWindow' already contains a definition for '_contentLoaded' [D:\Dev\NVEnc_Batch\NVEncBatchGui\NVEncBatchGui.csproj]
D:\Dev\NVEnc_Batch\NVEncBatchGui\obj\Debug\net8.0-windows10.0.19041.0\MainWindow.g.i.cs(74,21): error CS0111: Type 'MainWindow' already defines a member called 'InitializeComponent' with the same parameter types [D:\Dev\NVEnc_Batch\NVEncBatchGui\NVEncBatchGui.csproj]
D:\Dev\NVEnc_Batch\NVEncBatchGui\obj\Debug\net8.0-windows10.0.19041.0\MainWindow.g.i.cs(98,22): error CS0111: Type 'MainWindow' already defines a member called 'UnloadObject' with the same parameter types [D:\Dev\NVEnc_Batch\NVEncBatchGui\NVEncBatchGui.csproj]
D:\Dev\NVEnc_Batch\NVEncBatchGui\obj\Debug\net8.0-windows10.0.19041.0\MainWindow.g.i.cs(118,38): error CS0102: The type 'MainWindow' already contains a definition for 'Bindings' [D:\Dev\NVEnc_Batch\NVEncBatchGui\NVEncBatchGui.csproj]
D:\Dev\NVEnc_Batch\NVEncBatchGui\obj\Debug\net8.0-windows10.0.19041.0\MainWindow.g.i.cs(100,10): error CS0579: Duplicate 'global::System.CodeDom.Compiler.GeneratedCodeAttribute' attribute [D:\Dev\NVEnc_Batch\NVEncBatchGui\NVEncBatchGui.csproj]
D:\Dev\NVEnc_Batch\NVEncBatchGui\obj\Debug\net8.0-windows10.0.19041.0\MainWindow.g.i.cs(103,18): error CS0111: Type 'MainWindow.IMainWindow_Bindings' already defines a member called 'Initialize' with the same parameter types [D:\Dev\NVEnc_Batch\NVEncBatchGui\NVEncBatchGui.csproj]
D:\Dev\NVEnc_Batch\NVEncBatchGui\obj\Debug\net8.0-windows10.0.19041.0\MainWindow.g.i.cs(104,18): error CS0111: Type 'MainWindow.IMainWindow_Bindings' already defines a member called 'Update' with the same parameter types [D:\Dev\NVEnc_Batch\NVEncBatchGui\NVEncBatchGui.csproj]
D:\Dev\NVEnc_Batch\NVEncBatchGui\obj\Debug\net8.0-windows10.0.19041.0\MainWindow.g.i.cs(105,18): error CS0111: Type 'MainWindow.IMainWindow_Bindings' already defines a member called 'StopTracking' with the same parameter types [D:\Dev\NVEnc_Batch\NVEncBatchGui\NVEncBatchGui.csproj]
D:\Dev\NVEnc_Batch\NVEncBatchGui\obj\Debug\net8.0-windows10.0.19041.0\MainWindow.g.i.cs(106,18): error CS0111: Type 'MainWindow.IMainWindow_Bindings' already defines a member called 'DisconnectUnloadedObject' with the same parameter types [D:\Dev\NVEnc_Batch\NVEncBatchGui\NVEncBatchGui.csproj]
D:\Dev\NVEnc_Batch\NVEncBatchGui\obj\Debug\net8.0-windows10.0.19041.0\MainWindow.g.i.cs(112,18): error CS0111: Type 'MainWindow.IMainWindow_BindingsScopeConnector' already defines a member called 'ContainsElement' with the same parameter types [D:\Dev\NVEnc_Batch\NVEncBatchGui\NVEncBatchGui.csproj]
D:\Dev\NVEnc_Batch\NVEncBatchGui\obj\Debug\net8.0-windows10.0.19041.0\MainWindow.g.i.cs(113,18): error CS0111: Type 'MainWindow.IMainWindow_BindingsScopeConnector' already defines a member called 'RegisterForElementConnection' with the same parameter types [D:\Dev\NVEnc_Batch\NVEncBatchGui\NVEncBatchGui.csproj]
C:\Users\bcjun\.nuget\packages\microsoft.windowsappsdk\1.7.250310001\buildTransitive\Microsoft.UI.Xaml.Markup.Compiler.interop.targets(845,9): error MSB3073: The command ""C:\Users\bcjun\.nuget\packages\microsoft.windowsappsdk\1.7.250310001\buildTransitive\..\tools\net6.0\..\net472\XamlCompiler.exe" "obj\Debug\net8.0-windows10.0.19041.0\\input.json" "obj\Debug\net8.0-windows10.0.19041.0\\output.json"" exited with code 1. [D:\Dev\NVEnc_Batch\NVEncBatchGui\NVEncBatchGui.csproj]

Build FAILED.

D:\Dev\NVEnc_Batch\NVEncBatchGui\obj\Debug\net8.0-windows10.0.19041.0\App.g.i.cs(19,25): error CS0101: The namespace 'NVEncBatchGui' already contains a definition for 'Program' [D:\Dev\NVEnc_Batch\NVEncBatchGui\NVEncBatchGui.csproj]
D:\Dev\NVEnc_Batch\NVEncBatchGui\obj\Debug\net8.0-windows10.0.19041.0\App.g.i.cs(24,21): error CS0111: Type 'Program' already defines a member called 'Main' with the same parameter types [D:\Dev\NVEnc_Batch\NVEncBatchGui\NVEncBatchGui.csproj]
D:\Dev\NVEnc_Batch\NVEncBatchGui\obj\Debug\net8.0-windows10.0.19041.0\App.g.i.cs(39,22): error CS0102: The type 'App' already contains a definition for '_contentLoaded' [D:\Dev\NVEnc_Batch\NVEncBatchGui\NVEncBatchGui.csproj]
D:\Dev\NVEnc_Batch\NVEncBatchGui\obj\Debug\net8.0-windows10.0.19041.0\App.g.i.cs(45,21): error CS0111: Type 'App' already defines a member called 'InitializeComponent' with the same parameter types [D:\Dev\NVEnc_Batch\NVEncBatchGui\NVEncBatchGui.csproj]
D:\Dev\NVEnc_Batch\NVEncBatchGui\obj\Debug\net8.0-windows10.0.19041.0\MainWindow.g.i.cs(98,22): error CS0756: A partial method may not have multiple defining declarations [D:\Dev\NVEnc_Batch\NVEncBatchGui\NVEncBatchGui.csproj]
D:\Dev\NVEnc_Batch\NVEncBatchGui\obj\Debug\net8.0-windows10.0.19041.0\MainWindow.g.i.cs(101,27): error CS0102: The type 'MainWindow' already contains a definition for 'IMainWindow_Bindings' [D:\Dev\NVEnc_Batch\NVEncBatchGui\NVEncBatchGui.csproj]
D:\Dev\NVEnc_Batch\NVEncBatchGui\obj\Debug\net8.0-windows10.0.19041.0\MainWindow.g.i.cs(109,27): error CS0102: The type 'MainWindow' already contains a definition for 'IMainWindow_BindingsScopeConnector' [D:\Dev\NVEnc_Batch\NVEncBatchGui\NVEncBatchGui.csproj]
D:\Dev\NVEnc_Batch\NVEncBatchGui\obj\Debug\net8.0-windows10.0.19041.0\MainWindow.g.i.cs(21,60): error CS0102: The type 'MainWindow' already contains a definition for 'CommandPreviewTextBox' [D:\Dev\NVEnc_Batch\NVEncBatchGui\NVEncBatchGui.csproj]
D:\Dev\NVEnc_Batch\NVEncBatchGui\obj\Debug\net8.0-windows10.0.19041.0\MainWindow.g.i.cs(23,60): error CS0102: The type 'MainWindow' already contains a definition for 'LogTextBox' [D:\Dev\NVEnc_Batch\NVEncBatchGui\NVEncBatchGui.csproj]
D:\Dev\NVEnc_Batch\NVEncBatchGui\obj\Debug\net8.0-windows10.0.19041.0\MainWindow.g.i.cs(25,61): error CS0102: The type 'MainWindow' already contains a definition for 'JobsListView' [D:\Dev\NVEnc_Batch\NVEncBatchGui\NVEncBatchGui.csproj]
D:\Dev\NVEnc_Batch\NVEncBatchGui\obj\Debug\net8.0-windows10.0.19041.0\MainWindow.g.i.cs(27,62): error CS0102: The type 'MainWindow' already contains a definition for 'AggregateGpuValueText' [D:\Dev\NVEnc_Batch\NVEncBatchGui\NVEncBatchGui.csproj]
D:\Dev\NVEnc_Batch\NVEncBatchGui\obj\Debug\net8.0-windows10.0.19041.0\MainWindow.g.i.cs(29,62): error CS0102: The type 'MainWindow' already contains a definition for 'AggregateBitrateValueText' [D:\Dev\NVEnc_Batch\NVEncBatchGui\NVEncBatchGui.csproj]
D:\Dev\NVEnc_Batch\NVEncBatchGui\obj\Debug\net8.0-windows10.0.19041.0\MainWindow.g.i.cs(31,62): error CS0102: The type 'MainWindow' already contains a definition for 'AggregateFpsValueText' [D:\Dev\NVEnc_Batch\NVEncBatchGui\NVEncBatchGui.csproj]
D:\Dev\NVEnc_Batch\NVEncBatchGui\obj\Debug\net8.0-windows10.0.19041.0\MainWindow.g.i.cs(33,62): error CS0102: The type 'MainWindow' already contains a definition for 'TotalJobsValueText' [D:\Dev\NVEnc_Batch\NVEncBatchGui\NVEncBatchGui.csproj]
D:\Dev\NVEnc_Batch\NVEncBatchGui\obj\Debug\net8.0-windows10.0.19041.0\MainWindow.g.i.cs(35,62): error CS0102: The type 'MainWindow' already contains a definition for 'JobStateSummaryText' [D:\Dev\NVEnc_Batch\NVEncBatchGui\NVEncBatchGui.csproj]
D:\Dev\NVEnc_Batch\NVEncBatchGui\obj\Debug\net8.0-windows10.0.19041.0\MainWindow.g.i.cs(37,62): error CS0102: The type 'MainWindow' already contains a definition for 'StatusBannerTextBlock' [D:\Dev\NVEnc_Batch\NVEncBatchGui\NVEncBatchGui.csproj]
D:\Dev\NVEnc_Batch\NVEncBatchGui\obj\Debug\net8.0-windows10.0.19041.0\MainWindow.g.i.cs(39,62): error CS0102: The type 'MainWindow' already contains a definition for 'SchedulerDiagnosticsTextBlock' [D:\Dev\NVEnc_Batch\NVEncBatchGui\NVEncBatchGui.csproj]
D:\Dev\NVEnc_Batch\NVEncBatchGui\obj\Debug\net8.0-windows10.0.19041.0\MainWindow.g.i.cs(41,59): error CS0102: The type 'MainWindow' already contains a definition for 'StartBatchButton' [D:\Dev\NVEnc_Batch\NVEncBatchGui\NVEncBatchGui.csproj]
D:\Dev\NVEnc_Batch\NVEncBatchGui\obj\Debug\net8.0-windows10.0.19041.0\MainWindow.g.i.cs(43,59): error CS0102: The type 'MainWindow' already contains a definition for 'StopBatchButton' [D:\Dev\NVEnc_Batch\NVEncBatchGui\NVEncBatchGui.csproj]
D:\Dev\NVEnc_Batch\NVEncBatchGui\obj\Debug\net8.0-windows10.0.19041.0\MainWindow.g.i.cs(45,59): error CS0102: The type 'MainWindow' already contains a definition for 'ClearCompletedButton' [D:\Dev\NVEnc_Batch\NVEncBatchGui\NVEncBatchGui.csproj]
D:\Dev\NVEnc_Batch\NVEncBatchGui\obj\Debug\net8.0-windows10.0.19041.0\MainWindow.g.i.cs(47,59): error CS0102: The type 'MainWindow' already contains a definition for 'AddVideosButton' [D:\Dev\NVEnc_Batch\NVEncBatchGui\NVEncBatchGui.csproj]
D:\Dev\NVEnc_Batch\NVEncBatchGui\obj\Debug\net8.0-windows10.0.19041.0\MainWindow.g.i.cs(49,59): error CS0102: The type 'MainWindow' already contains a definition for 'RemoveSelectedButton' [D:\Dev\NVEnc_Batch\NVEncBatchGui\NVEncBatchGui.csproj]
D:\Dev\NVEnc_Batch\NVEncBatchGui\obj\Debug\net8.0-windows10.0.19041.0\MainWindow.g.i.cs(51,62): error CS0102: The type 'MainWindow' already contains a definition for 'MaxConcurrentJobsNumberBox' [D:\Dev\NVEnc_Batch\NVEncBatchGui\NVEncBatchGui.csproj]
D:\Dev\NVEnc_Batch\NVEncBatchGui\obj\Debug\net8.0-windows10.0.19041.0\MainWindow.g.i.cs(53,61): error CS0102: The type 'MainWindow' already contains a definition for 'IncludeAudioCheckBox' [D:\Dev\NVEnc_Batch\NVEncBatchGui\NVEncBatchGui.csproj]
D:\Dev\NVEnc_Batch\NVEncBatchGui\obj\Debug\net8.0-windows10.0.19041.0\MainWindow.g.i.cs(55,61): error CS0102: The type 'MainWindow' already contains a definition for 'SaturationCheckBox' [D:\Dev\NVEnc_Batch\NVEncBatchGui\NVEncBatchGui.csproj]
D:\Dev\NVEnc_Batch\NVEncBatchGui\obj\Debug\net8.0-windows10.0.19041.0\MainWindow.g.i.cs(57,61): error CS0102: The type 'MainWindow' already contains a definition for 'DecodeModeComboBox' [D:\Dev\NVEnc_Batch\NVEncBatchGui\NVEncBatchGui.csproj]
D:\Dev\NVEnc_Batch\NVEncBatchGui\obj\Debug\net8.0-windows10.0.19041.0\MainWindow.g.i.cs(59,61): error CS0102: The type 'MainWindow' already contains a definition for 'ResolutionComboBox' [D:\Dev\NVEnc_Batch\NVEncBatchGui\NVEncBatchGui.csproj]
D:\Dev\NVEnc_Batch\NVEncBatchGui\obj\Debug\net8.0-windows10.0.19041.0\MainWindow.g.i.cs(61,60): error CS0102: The type 'MainWindow' already contains a definition for 'OutputDirectoryTextBox' [D:\Dev\NVEnc_Batch\NVEncBatchGui\NVEncBatchGui.csproj]
D:\Dev\NVEnc_Batch\NVEncBatchGui\obj\Debug\net8.0-windows10.0.19041.0\MainWindow.g.i.cs(63,60): error CS0102: The type 'MainWindow' already contains a definition for 'EncoderPathTextBox' [D:\Dev\NVEnc_Batch\NVEncBatchGui\NVEncBatchGui.csproj]
D:\Dev\NVEnc_Batch\NVEncBatchGui\obj\Debug\net8.0-windows10.0.19041.0\MainWindow.g.i.cs(67,22): error CS0102: The type 'MainWindow' already contains a definition for '_contentLoaded' [D:\Dev\NVEnc_Batch\NVEncBatchGui\NVEncBatchGui.csproj]
D:\Dev\NVEnc_Batch\NVEncBatchGui\obj\Debug\net8.0-windows10.0.19041.0\MainWindow.g.i.cs(74,21): error CS0111: Type 'MainWindow' already defines a member called 'InitializeComponent' with the same parameter types [D:\Dev\NVEnc_Batch\NVEncBatchGui\NVEncBatchGui.csproj]
D:\Dev\NVEnc_Batch\NVEncBatchGui\obj\Debug\net8.0-windows10.0.19041.0\MainWindow.g.i.cs(98,22): error CS0111: Type 'MainWindow' already defines a member called 'UnloadObject' with the same parameter types [D:\Dev\NVEnc_Batch\NVEncBatchGui\NVEncBatchGui.csproj]
D:\Dev\NVEnc_Batch\NVEncBatchGui\obj\Debug\net8.0-windows10.0.19041.0\MainWindow.g.i.cs(118,38): error CS0102: The type 'MainWindow' already contains a definition for 'Bindings' [D:\Dev\NVEnc_Batch\NVEncBatchGui\NVEncBatchGui.csproj]
D:\Dev\NVEnc_Batch\NVEncBatchGui\obj\Debug\net8.0-windows10.0.19041.0\MainWindow.g.i.cs(100,10): error CS0579: Duplicate 'global::System.CodeDom.Compiler.GeneratedCodeAttribute' attribute [D:\Dev\NVEnc_Batch\NVEncBatchGui\NVEncBatchGui.csproj]
D:\Dev\NVEnc_Batch\NVEncBatchGui\obj\Debug\net8.0-windows10.0.19041.0\MainWindow.g.i.cs(103,18): error CS0111: Type 'MainWindow.IMainWindow_Bindings' already defines a member called 'Initialize' with the same parameter types [D:\Dev\NVEnc_Batch\NVEncBatchGui\NVEncBatchGui.csproj]
D:\Dev\NVEnc_Batch\NVEncBatchGui\obj\Debug\net8.0-windows10.0.19041.0\MainWindow.g.i.cs(104,18): error CS0111: Type 'MainWindow.IMainWindow_Bindings' already defines a member called 'Update' with the same parameter types [D:\Dev\NVEnc_Batch\NVEncBatchGui\NVEncBatchGui.csproj]
D:\Dev\NVEnc_Batch\NVEncBatchGui\obj\Debug\net8.0-windows10.0.19041.0\MainWindow.g.i.cs(105,18): error CS0111: Type 'MainWindow.IMainWindow_Bindings' already defines a member called 'StopTracking' with the same parameter types [D:\Dev\NVEnc_Batch\NVEncBatchGui\NVEncBatchGui.csproj]
D:\Dev\NVEnc_Batch\NVEncBatchGui\obj\Debug\net8.0-windows10.0.19041.0\MainWindow.g.i.cs(106,18): error CS0111: Type 'MainWindow.IMainWindow_Bindings' already defines a member called 'DisconnectUnloadedObject' with the same parameter types [D:\Dev\NVEnc_Batch\NVEncBatchGui\NVEncBatchGui.csproj]
D:\Dev\NVEnc_Batch\NVEncBatchGui\obj\Debug\net8.0-windows10.0.19041.0\MainWindow.g.i.cs(112,18): error CS0111: Type 'MainWindow.IMainWindow_BindingsScopeConnector' already defines a member called 'ContainsElement' with the same parameter types [D:\Dev\NVEnc_Batch\NVEncBatchGui\NVEncBatchGui.csproj]
D:\Dev\NVEnc_Batch\NVEncBatchGui\obj\Debug\net8.0-windows10.0.19041.0\MainWindow.g.i.cs(113,18): error CS0111: Type 'MainWindow.IMainWindow_BindingsScopeConnector' already defines a member called 'RegisterForElementConnection' with the same parameter types [D:\Dev\NVEnc_Batch\NVEncBatchGui\NVEncBatchGui.csproj]
C:\Users\bcjun\.nuget\packages\microsoft.windowsappsdk\1.7.250310001\buildTransitive\Microsoft.UI.Xaml.Markup.Compiler.interop.targets(845,9): error MSB3073: The command ""C:\Users\bcjun\.nuget\packages\microsoft.windowsappsdk\1.7.250310001\buildTransitive\..\tools\net6.0\..\net472\XamlCompiler.exe" "obj\Debug\net8.0-windows10.0.19041.0\\input.json" "obj\Debug\net8.0-windows10.0.19041.0\\output.json"" exited with code 1. [D:\Dev\NVEnc_Batch\NVEncBatchGui\NVEncBatchGui.csproj]
    0 Warning(s)
    41 Error(s)

Time Elapsed 00:00:02.46
